<html>
<body>
<pre>
<h1>µVision Build Log</h1>
<h2>Tool Versions:</h2>
IDE-Version: ¦ÌVision V5.24.2.0
Copyright (C) 2017 ARM Ltd and ARM Germany GmbH. All rights reserved.
License Information: 1 1, 1, LIC=X96CK-ZFQ5E-LQN0Q-N5AGG-K6DJF-2YQII
 
Tool Versions:
Toolchain:       MDK-ARM Plus  Version: 5.24.1
Toolchain Path:  D:\keil_MDK\ARM\ARMCC\Bin
C Compiler:      Armcc.exe V5.06 update 5 (build 528)
Assembler:       Armasm.exe V5.06 update 5 (build 528)
Linker/Locator:  ArmLink.exe V5.06 update 5 (build 528)
Library Manager: ArmAr.exe V5.06 update 5 (build 528)
Hex Converter:   FromElf.exe V5.06 update 5 (build 528)
CPU DLL:         SARMCM3.DLL V5.24.1
Dialog DLL:      DCM.DLL V1.16.0.0
Target DLL:      Segger\JL2CM3.dll V2.99.26.0
Dialog DLL:      TCM.DLL V1.32.0.0
 
<h2>Project:</h2>
E:\desk\test\USER\test.uvprojx
Project File Date:  02/27/2024

<h2>Output:</h2>
*** Using Compiler 'V5.06 update 5 (build 528)', folder: 'D:\keil_MDK\ARM\ARMCC\Bin'
Rebuild target 'test'
compiling systick.c...
compiling gd32f4xx_ctc.c...
compiling gd32f4xx_crc.c...
compiling main.c...
compiling gd32f4xx_dbg.c...
compiling gd32f4xx_adc.c...
compiling gd32f4xx_dac.c...
compiling gd32f4xx_can.c...
compiling gd32f4xx_exti.c...
compiling gd32f4xx_dci.c...
compiling gd32f4xx_fwdgt.c...
compiling gd32f4xx_gpio.c...
compiling gd32f4xx_dma.c...
compiling gd32f4xx_fmc.c...
compiling gd32f4xx_exmc.c...
compiling gd32f4xx_enet.c...
compiling gd32f4xx_i2c.c...
compiling gd32f4xx_misc.c...
compiling gd32f4xx_iref.c...
compiling gd32f4xx_ipa.c...
compiling gd32f4xx_pmu.c...
compiling gd32f4xx_rcu.c...
compiling gd32f4xx_rtc.c...
compiling gd32f4xx_sdio.c...
compiling gd32f4xx_syscfg.c...
compiling gd32f4xx_spi.c...
compiling gd32f4xx_tli.c...
compiling gd32f4xx_wwdgt.c...
compiling gd32f4xx_trng.c...
compiling gd32f4xx_timer.c...
compiling gd32f4xx_usart.c...
assembling startup_gd32f407_427.s...
compiling system_gd32f4xx.c...
compiling uart.c...
compiling spi.c...
compiling gpio.c...
linking...
Program Size: Code=3268 RO-data=408 RW-data=0 ZI-data=2144  
FromELF: creating hex file...
".\Objects\test.axf" - 0 Error(s), 0 Warning(s).

<h2>Software Packages used:</h2>

Package Vendor: GigaDevice
                https://gd32mcu.com/data/documents/pack/GigaDevice.GD32F4xx_DFP.3.0.3.pack
                GigaDevice.GD32F4xx_DFP.3.0.3
                GigaDevice GD32F4xx Series Device Support and Examples

<h2>Collection of Component include folders:</h2>
  .\RTE\_test
  D:\keil_MDK\ARM\PACK\GigaDevice\GD32F4xx_DFP\3.0.3\Device\F4XX\Include

<h2>Collection of Component Files used:</h2>
Build Time Elapsed:  00:00:05
</pre>
</body>
</html>
